---
source: src/query.rs
expression: res
---
{
  "token_uri": null
}
