---
source: src/execute.rs
expression: "contract.tokens.load(&deps.storage, TOKEN_ID).unwrap()"
---
{
  "owner": "owner",
  "token_id": "1",
  "token_uri": null
}
