---
source: src/query.rs
expression: res
---
{
  "number": 1
}
