---
source: src/query.rs
expression: res
---
{
  "name": "my_contract",
  "symbol": "my_symbol"
}
