---
source: src/query.rs
expression: res
---
{
  "tokens": [
    {
      "owner": "owner",
      "token_id": "1",
      "token_uri": null
    }
  ]
}
