---
source: src/query.rs
expression: res
---
{
  "owner": "owner"
}
